[mamacitaitaliana.godaddysites.com/index.html]
[img1.wsimg.com/isteam/ip/48d130f7-2535-4e11-879b-5c8c9b2fbb3b/favicon/8d14a2ac-af79-488b-a964-f5a3ed59ede8.png/_/rs=w_16,h_16,m.png]
[img1.wsimg.com/isteam/ip/48d130f7-2535-4e11-879b-5c8c9b2fbb3b/favicon/8d14a2ac-af79-488b-a964-f5a3ed59ede8.png/_/rs=w_24,h_24,m.png]
[img1.wsimg.com/isteam/ip/48d130f7-2535-4e11-879b-5c8c9b2fbb3b/favicon/8d14a2ac-af79-488b-a964-f5a3ed59ede8.png/_/rs=w_32,h_32,m.png]
[img1.wsimg.com/isteam/ip/48d130f7-2535-4e11-879b-5c8c9b2fbb3b/favicon/8d14a2ac-af79-488b-a964-f5a3ed59ede8.png/_/rs=w_48,h_48,m.png]
[img1.wsimg.com/isteam/ip/48d130f7-2535-4e11-879b-5c8c9b2fbb3b/favicon/8d14a2ac-af79-488b-a964-f5a3ed59ede8.png/_/rs=w_64,h_64,m.png]
[backblue.gif]
[fade.gif]
[index.html]
[mamacitaitaliana.godaddysites.com/manifest.webmanifest]
[img1.wsimg.com/isteam/ip/48d130f7-2535-4e11-879b-5c8c9b2fbb3b/favicon/8d14a2ac-af79-488b-a964-f5a3ed59ede8.png/_/rs=w_57,h_57,m.png]
[img1.wsimg.com/isteam/ip/48d130f7-2535-4e11-879b-5c8c9b2fbb3b/favicon/8d14a2ac-af79-488b-a964-f5a3ed59ede8.png/_/rs=w_60,h_60,m.png]
[img1.wsimg.com/isteam/ip/48d130f7-2535-4e11-879b-5c8c9b2fbb3b/favicon/8d14a2ac-af79-488b-a964-f5a3ed59ede8.png/_/rs=w_72,h_72,m.png]
[img1.wsimg.com/isteam/ip/48d130f7-2535-4e11-879b-5c8c9b2fbb3b/favicon/8d14a2ac-af79-488b-a964-f5a3ed59ede8.png/_/rs=w_114,h_114,m.png]
[img1.wsimg.com/isteam/ip/48d130f7-2535-4e11-879b-5c8c9b2fbb3b/favicon/8d14a2ac-af79-488b-a964-f5a3ed59ede8.png/_/rs=w_120,h_120,m.png]
[img1.wsimg.com/isteam/ip/48d130f7-2535-4e11-879b-5c8c9b2fbb3b/favicon/8d14a2ac-af79-488b-a964-f5a3ed59ede8.png/_/rs=w_144,h_144,m.png]
[img1.wsimg.com/isteam/ip/48d130f7-2535-4e11-879b-5c8c9b2fbb3b/favicon/8d14a2ac-af79-488b-a964-f5a3ed59ede8.png/_/rs=w_152,h_152,m.png]
[img1.wsimg.com/isteam/ip/48d130f7-2535-4e11-879b-5c8c9b2fbb3b/favicon/8d14a2ac-af79-488b-a964-f5a3ed59ede8.png/_/rs=w_180,h_180,m.png]
[img1.wsimg.com/gfonts/s/sacramento/v13/buEzpo6gcdjy0EiZMBUG4C0f-A.ttf]
[img1.wsimg.com/gfonts/s/raleway/v27/1Pt_g8zYS_SKggPNyCgSQamb1W0lwk4S4WjMDrMfJQ.ttf]
[img1.wsimg.com/gfonts/s/raleway/v27/1Ptxg8zYS_SKggPN4iEgvnHyvveLxVuEorCIPrQ.ttf]
[img1.wsimg.com/gfonts/s/raleway/v27/1Ptxg8zYS_SKggPN4iEgvnHyvveLxVvaorCIPrQ.ttf]
[img1.wsimg.com/gfonts/s/raleway/v27/1Ptxg8zYS_SKggPN4iEgvnHyvveLxVsEpbCIPrQ.ttf]
[img1.wsimg.com/gfonts/s/raleway/v27/1Ptxg8zYS_SKggPN4iEgvnHyvveLxVs9pbCIPrQ.ttf]
[mamacitaitaliana.godaddysites.com/sw.js]
[mamacitaitaliana.godaddysites.com/nuestra-musica.html]
[img1.wsimg.com/isteam/stock/by4rANV/_/cr=t_0%,l_0%,w_100%,h_100%/rs=w_600,h_600,cg_true.jpg]
[mamacitaitaliana.godaddysites.com/acerca-de.html]
[mamacitaitaliana.godaddysites.com/fanatico-a-ti.html]
[img1.wsimg.com/poly/v3/polyfill.min6dcd.js]
[img1.wsimg.com/blobby/go/48d130f7-2535-4e11-879b-5c8c9b2fbb3b/gpub/c0d5fb7db1fc84a6/script.js]
[img1.wsimg.com/blobby/go/48d130f7-2535-4e11-879b-5c8c9b2fbb3b/gpub/d207a6ea46d8708b/script.js]
[img1.wsimg.com/ceph-p3-01/website-builder-data-prod/static/widgets/UX.4.23.5.js]
[img6.wsimg.com/wrhs/362d20193a8fed115f99b16a157b7fc4/tccl.min.js]
[mamacitaitaliana.godaddysites.com/index.html]
[img1.wsimg.com/blobby/go/48d130f7-2535-4e11-879b-5c8c9b2fbb3b/gpub/20be5461e645b15/script.js]
[mamacitaitaliana.godaddysites.com/nuestra-musica.html]
[img1.wsimg.com/blobby/go/48d130f7-2535-4e11-879b-5c8c9b2fbb3b/gpub/3312009e7b37dab3/script.js]
[mamacitaitaliana.godaddysites.com/acerca-de.html]
[img1.wsimg.com/blobby/go/48d130f7-2535-4e11-879b-5c8c9b2fbb3b/gpub/8c92d1d524244a95/script.js]
[mamacitaitaliana.godaddysites.com/fanatico-a-ti.html]
[img1.wsimg.com/blobby/go/48d130f7-2535-4e11-879b-5c8c9b2fbb3b/gpub/da25159a9de89a31/script.js]
[img1.wsimg.com/blobby/go/48d130f7-2535-4e11-879b-5c8c9b2fbb3b/gpub/30bd8dbb812936ab/script.js]
[img1.wsimg.com/blobby/go/48d130f7-2535-4e11-879b-5c8c9b2fbb3b/gpub/e49dd9f2fb8f498b/script.js]
